services:
    api:
        hooks:
            postprovision:
                shell: sh
                run: scripts/postprovision.sh
        project: src/api
        host: containerapp
        language: ts
hooks:
    postprovision:
        shell: sh
        run: scripts/postprovision.sh
name: test-proj

